 attname | n_distinct |              mcv              |               freqs                
---------+------------+-------------------------------+------------------------------------
 channel |          3 | {app,web,store}               | {0.417928,0.30248535,0.27958667}
 status  |          3 | {completed,refunded,disputed} | {0.98899734,0.009732,0.0012706667}
(2 rows)
[exit 0]