   주문일   | 고객이름 | 고객도시 |        고객이메일        |          책제목          |  저자  | 정가  | 수량 
------------+----------+----------+--------------------------+--------------------------+--------+-------+------
 2024-04-25 | 최연우   | 부산     | yeonwoo.choi@bookmail.kr | 우리가 몰랐던 채소 사전  | 서건우 | 27500 |    3
 2025-01-22 | 최연우   | 부산     | yeonwoo.choi@bookmail.kr | 작은 제국 수업           | 박시우 | 35000 |    1
 2025-01-22 | 최연우   | 부산     | yeonwoo.choi@bookmail.kr | 밤에 읽는 바다 탐험 기록 | 윤민준 | 12000 |    2
 2025-01-22 | 최연우   | 부산     | yeonwoo.choi@bookmail.kr | 작은 진화 기록           | 조주원 | 11500 |    2
 2026-04-29 | 정은우   | 서울     | eunwoo.jung@bookmail.kr  | 작은 제국 수업           | 박시우 | 35000 |    1
(5 rows)
[exit 0]