                  claim                  | value 
-----------------------------------------+-------
 주문 없는 고객 수                       |    29
 고객 4의 주문 건수                      |     6
 고객 4의 주문 항목 행 수                |    11
 고객 4의 주문 중 항목이 1개뿐인 주문 수 |     3
 이름이 겹치는 고객 그룹 수              |    31
(5 rows)
[exit 0]