              claim              | value 
---------------------------------+-------
 books 테이블의 열 개수          |     8
 books 테이블의 행 수            |   320
 category의 서로 다른 값 수      |     8
 stock의 서로 다른 값 수         |    10
 author의 서로 다른 값 수        |   197
 title의 서로 다른 값 수         |   320
 book_id의 서로 다른 값 수       |   320
 (category, stock) 조합의 가짓수 |    80
 (author, title) 조합의 가짓수   |   320
 재고가 0인 요리 분야 도서 수    |     7
 재고가 60인 어린이 분야 도서 수 |     4
 NULL이 든 열이 있는 books 행 수 |     0
(12 rows)
[exit 0]