 book_id |             title             | author | category | price | page_count | published_date | stock 
---------+-------------------------------+--------+----------+-------+------------+----------------+-------
       1 | 빛나는 혁명 이야기            | 윤현우 | 역사     | 29500 |        408 | 2012-08-07     |     5
       2 | 우리가 몰랐던 골목            | 김하윤 | 소설     | 11000 |        144 | 2022-01-30     |     8
       3 | 조용한 서재 노트              | 강아린 | 에세이   | 22500 |        256 | 2013-02-06     |    20
       4 | 한 권으로 읽는 제주 여행 노트 | 김민준 | 여행     | 30000 |        452 | 2017-05-26     |     5
       5 | 밤에 읽는 혼자의 시간 연습    | 오연우 | 에세이   | 23000 |        652 | 2003-01-01     |    35
(5 rows)
[exit 0]