             title             | page_count | published_date 
-------------------------------+------------+----------------
 빛나는 혁명 이야기            |        408 | 2012-08-07
 우리가 몰랐던 골목            |        144 | 2022-01-30
 조용한 서재 노트              |        256 | 2013-02-06
 한 권으로 읽는 제주 여행 노트 |        452 | 2017-05-26
 밤에 읽는 혼자의 시간 연습    |        652 | 2003-01-01
(5 rows)
[exit 0]