             제목              |  저자  | 정가(원) 
-------------------------------+--------+----------
 빛나는 혁명 이야기            | 윤현우 |    29500
 우리가 몰랐던 골목            | 김하윤 |    11000
 조용한 서재 노트              | 강아린 |    22500
 한 권으로 읽는 제주 여행 노트 | 김민준 |    30000
 밤에 읽는 혼자의 시간 연습    | 오연우 |    23000
(5 rows)
[exit 0]