                 claim                  | value 
----------------------------------------+-------
 여행 분야 도서 수                      |    36
 요리 분야 도서 수                      |    44
 여행 분야가 아닌 도서 수               |   284
 books 전체 행 수                       |   320
 만화 분야 도서 수                      |     0
 분야가 '여행 '(뒤 공백)인 도서 수      |     0
 정가 41000원 이상 도서 수              |    11
 쪽수 700 초과 도서 수                  |    30
 정가 9000원 이하 도서 수               |    13
 정가 8000원 이하 도서 수               |     6
 정가 10000원 미만 도서 수              |    21
 정가 25000~30000원 도서 수             |    59
 그 구간의 서로 다른 정가 수            |    11
 그 구간에 정가 25000원 도서 수         |     2
 그 구간에 정가 30000원 도서 수         |     5
 BETWEEN 30000 AND 25000 도서 수        |     0
 여행 또는 요리 분야 도서 수            |    80
 제목에 '제주'가 든 도서 수             |     4
 제목이 '%제주%'와 같은 도서 수         |     0
 LIKE '제주'에 걸리는 도서 수           |     0
 '한 권으로 읽는'으로 시작하는 도서 수  |    32
 제목이 '노트'로 끝나는 도서 수         |    43
 제목에 '사전'이 든 도서 수             |    41
 여행 & 12000원 이하 도서 수            |     6
 정가가 10000~40000원 밖인 도서 수      |    38
 여행 & 10000~25000 & 제목에 제주       |     3
 괄호 없는 OR/AND 질의의 행 수          |    40
 괄호 있는 OR/AND 질의의 행 수          |     8
 여행이면서 동시에 요리인 도서 수       |     0
 에세이 & 10000원 이하 도서 수          |     3
 (요리|어린이) & 10000원 미만 도서 수   |     7
 2025-01-01 이후 출간 도서 수           |    15
 (여행|요리) & 20000원 이상 도서 수     |    48
 여행 & 30000원 이상 도서 수            |     9
 그 도서들의 서로 다른 저자 수          |     9
 여행 & 20000원 이하 도서 수            |    14
 (어린이|요리) & 1만~2만 & 재고 1+      |    20
 (여행|요리) & 15000원 이하 도서 수     |    27
 요리 & 10000원 이하 도서 수            |     4
 정가 9500원 도서 수                    |     8
 정가 8000원 미만 도서 수               |     0
 제목이 '사전'으로 끝나는 도서 수       |    41
 2025-01-01에 출간된 도서 수            |     0
 (어린이|요리) & 1만~2만 & 재고 0 초과  |    20
 problem 3의 괄호 없는 오답 질의 행 수  |    52
 3.3 practice 2의 괄호 없는 변형 행 수  |    47
 IN 형태 (요리|어린이) & 10000원 미만   |     7
 정가를 '8000'(따옴표)으로 비교한 행 수 |     6
 제목이 '%노트'와 같은 도서 수          |     0
 요리 & 20000원 이상 도서 수            |    26
 exercise 4의 괄호 없는 변형 행 수      |    62
 problem 2의 괄호 없는 변형 행 수       |    51
 problem 3 지문 동료 질의의 행 수       |     0
(53 rows)
[exit 0]