             title             | category 
-------------------------------+----------
 빛나는 혁명 이야기            | 역사
 우리가 몰랐던 골목            | 소설
 조용한 서재 노트              | 에세이
 한 권으로 읽는 제주 여행 노트 | 여행
 밤에 읽는 혼자의 시간 연습    | 에세이
 우리가 몰랐던 습관            | 자기계발
 오늘의 고려 노트              | 역사
 오늘의 정원 수업              | 소설
 빛나는 서재 노트              | 에세이
 다시 쓰는 질문 기록           | 자기계발
(10 rows)
[exit 0]