             title             | category | price 
-------------------------------+----------+-------
 한 권으로 읽는 제주 여행 노트 | 여행     | 30000
 조용한 김치 사전              | 요리     | 24500
 한 권으로 읽는 커피 기록      | 요리     | 24500
 어느 날의 한 그릇 수업        | 요리     | 34000
 다시 쓰는 김치 안내서         | 요리     | 22000
(5 rows)
[exit 0]