             title             | category | price 
-------------------------------+----------+-------
 한 권으로 읽는 제주 여행 노트 | 여행     | 30000
 밤에 읽는 새벽 여행 안내서    | 여행     | 11000
 빛나는 한 그릇 수업           | 요리     |  9000
 빛나는 유럽 여행 사전         | 여행     | 28000
 작은 새벽 여행 기록           | 여행     | 31500
(5 rows)
[exit 0]