                 claim                 | value 
---------------------------------------+-------
 books 전체 행 수                      |   320
 정가 8500원 이하 도서 수              |     9
 정가 8000원 도서 수                   |     6
 정가 8500원 도서 수                   |     3
 가장 싼 정가                          |  8000
 가장 비싼 정가                        | 42000
 여행 분야 도서 수                     |    36
 여행 & 12000원 이하 도서 수           |     6
 정가 41000원 이상 도서 수             |    11
 정가 41500원 이상 도서 수             |     6
 정가 42000원 도서 수                  |     3
 정가 41500원 도서 수                  |     3
 정가 41000원 도서 수                  |     5
 쪽수 750쪽 이상 도서 수               |     9
 쪽수 760쪽 도서 수                    |     5
 가장 많은 쪽수                        |   760
 가장 적은 쪽수                        |   120
 2026-01-01 이후 출간 도서 수          |     8
 요리 & 9000원 이하 도서 수            |     2
 book_id의 서로 다른 값 수             |   320
 '다시 쓰는 빵 이야기'의 book_id       |    65
 '밤에 읽는 채소'의 book_id            |   226
 '다시 쓰는 공룡 노트'의 book_id       |   280
 정가 10000~20000원 도서 수            |   106
 여행 분야의 서로 다른 정가 수         |    26
 요리 & 재고 1권 이상 도서 수          |    37
 어린이 분야 도서 수                   |    39
 어린이 & 재고 0 도서 수               |     3
 어린이 & 재고 1 도서 수               |     4
 2025-01-01 이후 출간 도서 수          |    15
 요리 분야 도서 수                     |    44
 2026년 출간 & 10000~20000원 도서 수   |     1
 OFFSET을 LIMIT 앞에 적은 질의의 행 수 |     2
(33 rows)
[exit 0]