            title             | published_date 
------------------------------+----------------
 오늘의 말하기 기록           | 2026-06-18
 밤에 읽는 여름밤 수업        | 2026-06-12
 조용한 조선                  | 2026-06-03
 밤에 읽는 혁명 연습          | 2026-05-27
 우리가 몰랐던 뇌 기록        | 2026-05-08
 우리가 몰랐던 꼬마 화가 노트 | 2026-03-17
 처음 만나는 국수             | 2026-03-06
 우리가 몰랐던 골목길 연습    | 2026-01-28
(8 rows)
[exit 0]