               title               | stock 
-----------------------------------+-------
 밤에 읽는 바다 탐험 기록          |     0
 처음 만나는 별나라 기록           |     0
 한 권으로 읽는 숲속 친구들 안내서 |     0
 우리가 몰랐던 숲속 친구들 연습    |     1
 한 권으로 읽는 로봇 사전          |     1
 오늘의 바다 탐험 연습             |     1
 한 권으로 읽는 바다 탐험 수업     |     1
 빛나는 숲속 친구들                |     2
(8 rows)
[exit 0]