           title           | page_count | price 
---------------------------+------------+-------
 다시 쓰는 로봇 안내서     |        760 | 37000
 우리가 몰랐던 유적        |        760 | 27000
 어느 날의 질문 기록       |        760 | 23000
 조용한 골목길 이야기      |        760 | 11500
 처음 만나는 바이러스 노트 |        760 |  9500
 다시 쓰는 김치 기록       |        756 | 37500
 빛나는 섬 여행 이야기     |        756 | 27000
 다시 쓰는 몰입 노트       |        756 | 19000
 오늘의 바다 노트          |        752 | 18500
(9 rows)
[exit 0]