          title          | price | published_date 
-------------------------+-------+----------------
 조용한 조선             | 18000 | 2026-06-03
 오늘의 기차 여행 안내서 | 14500 | 2025-05-18
 오늘의 계절 수업        | 10500 | 2025-02-28
 어느 날의 협상          | 18000 | 2024-12-30
 빛나는 골목 여행 수업   | 18000 | 2024-08-13
(5 rows)
[exit 0]