 review_id | rating |        coalesce        
-----------+--------+------------------------
         1 |      3 | 두고두고 읽을 책이에요
         2 |      3 | 표지가 예뻐요
         3 |      5 | 다음 권이 기다려져요
         4 |      4 | 다음 권이 기다려져요
         5 |      5 | 별점만 남겼습니다
         6 |      5 | 별점만 남겼습니다
(6 rows)
[exit 0]