             title             | price | 천 원 단위 
-------------------------------+-------+------------
 빛나는 혁명 이야기            | 29500 |       29.5
 우리가 몰랐던 골목            | 11000 |       11.0
 조용한 서재 노트              | 22500 |       22.5
 한 권으로 읽는 제주 여행 노트 | 30000 |       30.0
 밤에 읽는 혼자의 시간 연습    | 23000 |       23.0
(5 rows)
[exit 0]