                     claim                      | value  
------------------------------------------------+--------
 order_items 전체 행 수                         |   1243
 books 전체 행 수                               |    320
 orders 전체 행 수                              |    620
 customers 전체 행 수                           |    150
 quantity 값의 가짓수                           |      3
 주문 항목 금액(quantity * unit_price)의 최댓값 | 126000
 금액이 100000 이상인 주문 항목 수              |     26
 수량이 3인 주문 항목 수                        |    169
 발송일이 있는 주문 수                          |    476
 발송일이 없는 주문 수                          |    144
 발송 소요일의 최댓값                           |      4
 발송 소요일의 최솟값                           |      0
 발송 소요일이 4일인 주문 수                    |     79
 광고 수신에 동의한 고객 수                     |     93
 광고 수신에 동의하지 않은 고객 수              |     57
 price / 1000 값의 가짓수                       |     35
 price / 10000 값의 가짓수                      |      5
 정가의 최댓값                                  |  42000
 정가의 최솟값                                  |   8000
 2025년에 펴낸 책의 수 (형변환 + LIKE)          |      7
 2025년에 펴낸 책의 수 (BETWEEN)                |      7
 2024년에 펴낸 책의 수                          |      9
 제목 글자 수의 최댓값                          |     19
 제목 글자 수의 최솟값                          |      6
 여행 분야 도서 수                              |     36
 여행 분야에서 라벨이 23글자인 책의 수          |      5
(26 rows)
[exit 0]