             title             | page_count |     백 쪽 단위     
-------------------------------+------------+--------------------
 빛나는 혁명 이야기            |        408 | 4.0800000000000000
 우리가 몰랐던 골목            |        144 | 1.4400000000000000
 조용한 서재 노트              |        256 | 2.5600000000000000
 한 권으로 읽는 제주 여행 노트 |        452 | 4.5200000000000000
 밤에 읽는 혼자의 시간 연습    |        652 | 6.5200000000000000
(5 rows)
[exit 0]