 order_id | book_id | quantity | unit_price | 금액  
----------+---------+----------+------------+-------
        1 |      29 |        2 |      18500 | 37000
        1 |     176 |        1 |       8500 |  8500
        1 |     292 |        1 |      18000 | 18000
        2 |      37 |        1 |      14500 | 14500
        2 |      83 |        1 |      11000 | 11000
(5 rows)
[exit 0]