             title             |      출간일      
-------------------------------+------------------
 빛나는 혁명 이야기            | 2012-08-07 (Tue)
 우리가 몰랐던 골목            | 2022-01-30 (Sun)
 조용한 서재 노트              | 2013-02-06 (Wed)
 한 권으로 읽는 제주 여행 노트 | 2017-05-26 (Fri)
 밤에 읽는 혼자의 시간 연습    | 2003-01-01 (Wed)
(5 rows)
[exit 0]