             title             | published_date 
-------------------------------+----------------
 우리가 몰랐던 실크로드 이야기 | 2025-02-03
 어느 날의 아침 노트           | 2025-02-26
 오늘의 계절 수업              | 2025-02-28
 오늘의 기차 여행 안내서       | 2025-05-18
 처음 만나는 섬 여행 안내서    | 2025-06-15
 빛나는 유럽 여행 연습         | 2025-06-17
 조용한 공룡 노트              | 2025-07-10
(7 rows)
[exit 0]