                  claim                   |       value        
------------------------------------------+--------------------
 CAST('42' AS integer)                    | 42
 9500 / 1000.0                            | 9.5000000000000000
 CAST(9500 AS numeric) / 1000             | 9.5000000000000000
 위 두 식이 같은 값인가                   | true
 408 / 100                                | 4
 round(124500 / 1000, 1)                  | 124.0
 round(CAST(124500 AS numeric) / 1000, 1) | 124.5
 CAST(42000 AS numeric) / 10000           | 4.2000000000000000
 CAST(41500 AS numeric) / 10000           | 4.1500000000000000
 COALESCE(NULL, '(내용 없음)')            | (내용 없음)
(10 rows)
[exit 0]