 order_id | book_id | quantity | unit_price |  금액  
----------+---------+----------+------------+--------
      511 |     280 |        3 |      42000 | 126000
      488 |      17 |        3 |      41500 | 124500
      215 |     243 |        3 |      41000 | 123000
      227 |      43 |        3 |      41000 | 123000
      485 |      43 |        3 |      41000 | 123000
(5 rows)
[exit 0]