 review_id |         title         | rating |       리뷰내용       
-----------+-----------------------+--------+----------------------
       161 | 조용한 혁명 이야기    |      2 | 설명이 친절해요
       110 | 작은 한 그릇          |      2 | 다음 권이 기다려져요
        30 | 오늘의 서재 이야기    |      2 | (내용 없음)
        51 | 처음 만나는 협상 기록 |      1 | 선물용으로 좋아요
       100 | 빛나는 루틴           |      2 | 표지가 예뻐요
(5 rows)
[exit 0]