 review_id |          title          | rating | review_date 
-----------+-------------------------+--------+-------------
       301 | 작은 아침 기록          |      5 | 2025-08-09
       302 | 작은 제국 수업          |      4 | 2025-10-17
       303 | 작은 유적 연습          |      5 | 2025-06-17
       304 | 밤에 읽는 바이러스 사전 |      5 | 2026-08-17
       305 | 밤에 읽는 습관 노트     |      2 | 2025-11-04
(5 rows)
[exit 0]