 order_id |         title         | category |  금액  
----------+-----------------------+----------+--------
      511 | 다시 쓰는 공룡 노트   | 어린이   | 126000
      488 | 어느 날의 별나라 수업 | 어린이   | 124500
      215 | 오늘의 도보 여행 연습 | 여행     | 123000
      227 | 작은 별자리           | 과학     | 123000
      485 | 작은 별자리           | 과학     | 123000
(5 rows)
[exit 0]