 review_id |         title          | author | rating 
-----------+------------------------+--------+--------
         3 | 밤에 읽는 한 그릇 연습 | 정하윤 |      5
         5 | 밤에 읽는 별나라 사전  | 서도윤 |      5
         6 | 다시 쓰는 우주 연습    | 이다은 |      5
        10 | 오늘의 채소            | 정아린 |      5
        11 | 한 권으로 읽는 골목길  | 윤건우 |      5
(5 rows)
[exit 0]