 order_id |           title            |  금액  
----------+----------------------------+--------
      215 | 오늘의 도보 여행 연습      | 123000
      117 | 처음 만나는 유럽 여행 기록 |  96000
      203 | 처음 만나는 유럽 여행 기록 |  96000
       66 | 빛나는 유럽 여행 연습      |  90000
      541 | 빛나는 유럽 여행 연습      |  90000
(5 rows)
[exit 0]