 order_id |          title           | quantity 
----------+--------------------------+----------
        6 | 우리가 몰랐던 채소 사전  |        2
        9 | 어느 날의 한 그릇 이야기 |        2
       10 | 오늘의 채소              |        3
       15 | 우리가 몰랐던 국수 노트  |        3
       28 | 우리가 몰랐던 도시락     |        2
(5 rows)
[exit 0]