 order_id |           title            | quantity | stock 
----------+----------------------------+----------+-------
        1 | 처음 만나는 섬 여행 안내서 |        1 |     0
        9 | 어느 날의 한 그릇 이야기   |        2 |     1
       10 | 처음 만나는 별나라 기록    |        3 |     0
       12 | 어느 날의 혼자의 시간 노트 |        2 |     0
       15 | 우리가 몰랐던 국수 노트    |        3 |     2
(5 rows)
[exit 0]