 review_id |             title             | rating |        리뷰내용        
-----------+-------------------------------+--------+------------------------
        59 | 한 권으로 읽는 제주 여행 노트 |      4 | 배송이 빨랐어요
        78 | 처음 만나는 섬 여행 안내서    |      4 | 두고두고 읽을 책이에요
        84 | 어느 날의 골목 여행 이야기    |      4 | (별점만)
        90 | 조용한 제주 여행 이야기       |      4 | 배송이 빨랐어요
        94 | 작은 유럽 여행 이야기         |      5 | 두고두고 읽을 책이에요
(5 rows)
[exit 0]