 review_id |  name  |               title               | rating 
-----------+--------+-----------------------------------+--------
        15 | 임하윤 | 한 권으로 읽는 숲속 친구들 안내서 |      1
        24 | 박아린 | 빛나는 유럽 여행 연습             |      2
        30 | 신민준 | 오늘의 서재 이야기                |      2
        37 | 신예준 | 오늘의 계절 이야기                |      2
        41 | 한현우 | 처음 만나는 유럽 여행 기록        |      2
(5 rows)
[exit 0]