 customer_id |  name  | order_id | order_date 
-------------+--------+----------+------------
           1 | 윤주원 |          | 
           2 | 윤민준 |      509 | 2026-01-08
           3 | 임주원 |          | 
           4 | 최연우 |      122 | 2024-04-25
           4 | 최연우 |      196 | 2025-01-22
           5 | 최예준 |          | 
           6 | 신현우 |          | 
           7 | 조유나 |          | 
           8 | 김시우 |          | 
(9 rows)
[exit 0]