  name  | order_date |            title             | quantity 
--------+------------+------------------------------+----------
 오채원 | 2026-06-06 | 작은 여름밤 기록             |        1
 오채원 | 2026-06-06 | 한 권으로 읽는 협상 연습     |        1
 오채원 | 2026-08-06 | 조용한 루틴 안내서           |        3
 최연우 | 2025-09-27 | 오늘의 채소 노트             |        1
 최연우 | 2025-09-27 | 우리가 몰랐던 꼬마 화가 수업 |        1
(5 rows)
[exit 0]