 order_id | order_date |             title              | quantity 
----------+------------+--------------------------------+----------
      227 | 2026-04-05 | 우리가 몰랐던 꼬마 화가 안내서 |        1
      227 | 2026-04-05 | 작은 별자리                    |        3
      227 | 2026-04-05 | 우리가 몰랐던 꼬마 화가 노트   |        3
(3 rows)
[exit 0]