 customer_id |  name  | order_id |            title             
-------------+--------+----------+------------------------------
           6 | 신현우 |       17 | 조용한 골목 여행 연습
           6 | 신현우 |      234 | 작은 별자리
           6 | 신현우 |      234 | 우리가 몰랐던 국수
           7 | 조유나 |          | 
           8 | 김시우 |       95 | 처음 만나는 혼자의 시간 수업
           8 | 김시우 |      335 | 우리가 몰랐던 도시락
           8 | 김시우 |      335 | 밤에 읽는 새벽 여행 이야기
           8 | 김시우 |      539 | 조용한 항해 이야기
(8 rows)
[exit 0]