  name  | order_id | order_date |             title              
--------+----------+------------+--------------------------------
 조수아 |        1 | 2025-09-16 | 우리가 몰랐던 꼬마 화가 안내서
 한지아 |        7 | 2025-09-16 | 밤에 읽는 별나라 사전
 서도윤 |       10 | 2024-12-25 | 처음 만나는 별나라 기록
 권예준 |       12 | 2025-04-04 | 빛나는 로봇 사전
 최연우 |       14 | 2025-09-27 | 우리가 몰랐던 꼬마 화가 수업
(5 rows)
[exit 0]