 review_id |  name  |         title          | rating 
-----------+--------+------------------------+--------
         3 | 강은우 | 밤에 읽는 한 그릇 연습 |      5
         5 | 윤주원 | 밤에 읽는 별나라 사전  |      5
         6 | 강은우 | 다시 쓰는 우주 연습    |      5
        10 | 신수아 | 오늘의 채소            |      5
        11 | 이하윤 | 한 권으로 읽는 골목길  |      5
(5 rows)
[exit 0]