 book_id |             title              | category 
---------+--------------------------------+----------
      23 | 한 권으로 읽는 협상 사전       | 자기계발
      34 | 처음 만나는 혼자의 시간 안내서 | 에세이
      46 | 빛나는 기록 수업               | 자기계발
      69 | 어느 날의 협상                 | 자기계발
      92 | 다시 쓰는 바이러스 사전        | 과학
(5 rows)
[exit 0]