 customer_id |  name  | order_id | order_date 
-------------+--------+----------+------------
           6 | 신현우 |       17 | 2024-12-06
           6 | 신현우 |      234 | 2025-09-24
           8 | 김시우 |       95 | 2026-03-16
           8 | 김시우 |      335 | 2025-10-07
           8 | 김시우 |      539 | 2025-07-12
           9 | 오다은 |      334 | 2026-08-12
(6 rows)
[exit 0]