 review_id |            title             | rating 
-----------+------------------------------+--------
        14 | 다시 쓰는 빵 연습            |      5
        17 | 오늘의 계절 이야기           |      5
        19 | 처음 만나는 혼자의 시간 수업 |      5
        25 | 밤에 읽는 채소               |      5
        31 | 조용한 기록 이야기           |      5
(5 rows)
[exit 0]