 도서번호 |          제목          | 리뷰수 | 평균별점 
----------+------------------------+--------+----------
      166 | 오늘의 서재 이야기     |      4 |     2.25
      151 | 오늘의 말하기 수업     |      5 |     2.60
      194 | 오늘의 채소 노트       |      4 |     2.75
       89 | 밤에 읽는 한 그릇 연습 |      5 |     2.80
       54 | 조용한 골목 수업       |      6 |     3.00
(5 rows)
[exit 0]