          제목          | 리뷰수 | 내용있는리뷰수 
------------------------+--------+----------------
 조용한 골목 수업       |      6 |              3
 어느 날의 혁명 이야기  |      6 |              6
 우리가 몰랐던 골목     |      5 |              2
 처음 만나는 협상 기록  |      5 |              4
 밤에 읽는 한 그릇 연습 |      5 |              5
(5 rows)
[exit 0]