 도서번호 |             제목              | 리뷰수 | 평균별점 
----------+-------------------------------+--------+----------
      183 | 작은 유적 연습                |      4 |     4.75
      156 | 다시 쓰는 우주 연습           |      4 |     4.50
      100 | 오늘의 채소                   |      5 |     4.40
      112 | 우리가 몰랐던 골목길 연습     |      5 |     4.40
        4 | 한 권으로 읽는 제주 여행 노트 |      4 |     4.25
(5 rows)
[exit 0]