                   claim                   |                                                                              value                                                                              
-------------------------------------------+-----------------------------------------------------------------------------------------------------------------------------------------------------------------
 6단계가 인용한 리뷰 문구                  | 배송이 빨랐어요
 reviews.comment의 서로 다른 값 (가나다순) | 기대보다 아쉬웠어요 / 다음 권이 기다려져요 / 두고두고 읽을 책이에요 / 배송이 빨랐어요 / 선물용으로 좋아요 / 설명이 친절해요 / 재미있게 읽었어요 / 표지가 예뻐요
(2 rows)
[exit 0]