                           claim                            | value 
------------------------------------------------------------+-------
 books 행 수                                                |   320
 customers 행 수                                            |   150
 orders 행 수                                               |   620
 order_items 행 수                                          |  1243
 reviews 행 수                                              |   520
 과학 분야 책 수                                            |    29
 comment가 널인 리뷰 수                                     |   189
 shipped_date가 널인 주문 수                                |   144
 books.category의 가짓수                                    |     8
 customers.city의 가짓수                                    |    10
 주문 5번의 항목 수                                         |     2
 customers INNER JOIN orders 행 수                          |   620
 customers LEFT JOIN orders 행 수                           |   649
 주문이 하나도 없는 고객 수                                 |    29
 리뷰가 4건 이상 달린 책 수                                 |    31
 리뷰가 5건 이상 달린 책 수                                 |    14
 리뷰가 하나도 없는 책 수                                   |    76
 고객 1~8번 중 리뷰가 하나도 없는 손님 수                   |     3
 주문이 20건 이상인 고객 수                                 |     7
 2026년 이후 주문이 6건 이상인 고객 수                      |     9
 평균 가격이 24,000원 이상인 분야 수                        |     4
 배송완료 주문 수                                           |   399
 고객이 15명 이상인 도시 수                                 |     5
 배송완료 주문이 50건 이상인 도시 수                        |     3
 고객 85번의 주문 수                                        |    38
 rating이 널인 리뷰 수 (널을 허용하지 않는 열이다)          |     0
 둘 이상이 같이 쓰는 고객 이름의 가짓수                     |    31
 제목이 겹치는 책 제목의 가짓수                             |     0
 category와 title의 조합 가짓수                             |   320
 9.2 개념 도식에 적은 (분야, 가격) 세 조합에 해당하는 책 수 |     4
 리뷰가 한 건뿐이고 그 별점이 5점인 책 수                   |    22
 과학 분야 평균 가격의 소수점 아래 자릿수                   |    12
(32 rows)
[exit 0]