             제목             | 가격  | 전체평균 
------------------------------+-------+----------
 작은 별자리                  | 41000 |    23539
 작은 세포 기록               | 40000 |    23539
 다시 쓰는 날씨 기록          | 38500 |    23539
 한 권으로 읽는 바이러스 연습 | 38000 |    23539
 밤에 읽는 바이러스 사전      | 35000 |    23539
(5 rows)
[exit 0]