 도서번호 |           제목            
----------+---------------------------
        2 | 우리가 몰랐던 골목
       54 | 조용한 골목 수업
       80 | 처음 만나는 협상 기록
       89 | 밤에 읽는 한 그릇 연습
      100 | 오늘의 채소
      112 | 우리가 몰랐던 골목길 연습
      114 | 어느 날의 유럽 여행 사전
      123 | 어느 날의 혁명 이야기
      134 | 다시 쓰는 진화 이야기
      149 | 우리가 몰랐던 유적
      151 | 오늘의 말하기 수업
      163 | 한 권으로 읽는 골목길
      200 | 작은 유럽 여행 이야기
      291 | 작은 한 그릇
(14 rows)
[exit 0]