                          claim                           | value 
----------------------------------------------------------+-------
 books 행 수                                              |   320
 customers 행 수                                          |   150
 orders 행 수                                             |   620
 reviews 행 수                                            |   520
 books.category의 가짓수                                  |     8
 과학 분야 책 수                                          |    29
 과학 분야 최고가                                         | 41000
 만화 분야 책 수                                          |     0
 평균 가격을 넘는 책 수                                   |   156
 평균 쪽수를 넘는 책 수                                   |   160
 리뷰가 하나도 없는 책 수                                 |    76
 reviews.book_id가 널인 행 수 (널을 허용하지 않는 열이다) |     0
 reviews.order_id가 널인 행 수                            |   220
 구매 인증 리뷰가 붙지 않은 주문 수                       |   391
 주문이 20건 이상인 손님 수                               |     7
 리뷰가 10건 이상인 손님 수                               |     7
 취소한 주문이 있는 손님 수                               |    35
 한 번도 주문되지 않은 책 수                              |    18
 제목에 '여행'이 들고 평균 가격을 넘는 책 수              |    17
 주문이 하나도 없는 손님 수                               |    29
 리뷰는 썼지만 주문이 없는 손님 수                        |    24
 재고가 평균보다 적으면서 리뷰가 달린 책 수               |   158
(22 rows)
[exit 0]