 도서번호 |             제목              | 가격  
----------+-------------------------------+-------
      243 | 오늘의 도보 여행 연습         | 41000
      270 | 한 권으로 읽는 새벽 여행 연습 | 38000
      233 | 한 권으로 읽는 섬 여행 기록   | 37500
      223 | 처음 만나는 유럽 여행 기록    | 32000
       55 | 작은 새벽 여행 기록           | 31500
(5 rows)
[exit 0]