 도서번호 |             제목              | 재고 
----------+-------------------------------+------
        2 | 우리가 몰랐던 골목            |    8
        4 | 한 권으로 읽는 제주 여행 노트 |    5
        6 | 우리가 몰랐던 습관            |    1
        8 | 오늘의 정원 수업              |    0
       10 | 다시 쓰는 질문 기록           |    5
(5 rows)
[exit 0]