                 주장                  | 실측값 
---------------------------------------+--------
 2024년에 들어온 취소 주문             |      7
 5번 책의 재고                         |     35
 books 행 수                           |    320
 books의 가장 큰 도서번호              |    320
 books의 분야 가짓수                   |      8
 books의 열 수                         |      8
 customers 행 수                       |    150
 customers의 가장 큰 고객번호          |    150
 order_items 행 수                     |   1243
 orders 행 수                          |    620
 reviews 행 수                         |    520
 고객번호가 9999인 손님                |      0
 과학 분야 권수                        |     29
 도서번호가 1인 책                     |      1
 리뷰 1번 중 한 줄평이 있는 행         |      1
 리뷰가 5건 이상 달린 책               |     14
 별점 2점 이하이고 한 줄평이 없는 리뷰 |     29
 별점이 1점인 리뷰                     |     23
 소설 분야 권수                        |     45
 소설 분야 중 재고가 0인 책            |      4
 어린이 분야 권수                      |     39
 여행 분야 권수                        |     36
 여행 분야 중 재고가 5권 미만인 책     |     16
 취소 상태인 주문                      |     61
 한 번도 주문되지 않은 책              |     18
(25 rows)
[exit 0]