               주장                | 실측값 
-----------------------------------+--------
 100번 책의 가격                   |  28500
 100번 책의 재고                   |     35
 106번 책의 재고                   |      2
 1번 책의 가격                     |  29500
 249번 책의 재고                   |     35
 28번 주문 중 상태가 취소인 것     |      1
 28번 주문의 항목 수               |      3
 3번 책의 가격                     |  22500
 3번 책의 재고                     |     20
 45번 주문 중 상태가 취소인 것     |      1
 4번 주문 중 상태가 취소인 것      |      1
 4번 주문에 담긴 249번 책의 수량   |      1
 4번 주문의 항목 수                |      2
 620번 주문에 담긴 106번 책의 수량 |      2
 620번 주문의 항목 수              |      2
 orders의 가장 큰 주문번호         |    620
 도서번호가 1인 책                 |      1
 도서번호가 249인 책               |      1
 도서번호가 99999인 책             |      0
 제목이 빛나는 계절인 책           |      0
(20 rows)
[exit 0]