 도서번호 |              제목              | 분야 | 정가  | 재고 
----------+--------------------------------+------+-------+------
       97 | 우리가 몰랐던 도보 여행 안내서 | 여행 | 16000 |   60
      108 | 우리가 몰랐던 커피 연습        | 요리 | 12000 |   60
       50 | 어느 날의 국수 노트            | 요리 | 13000 |   35
      284 | 빛나는 유럽 여행 노트          | 여행 | 15000 |   35
      144 | 빛나는 골목 여행 수업          | 여행 | 18000 |    8
       89 | 밤에 읽는 한 그릇 연습         | 요리 | 17000 |    5
(6 rows)
[exit 0]