                   주장                   | 실측값 
------------------------------------------+--------
 108번 책의 재고                          |     60
 108번 책의 정가                          |  12000
 97번 책의 재고                           |     60
 97번 책의 정가                           |  16000
 가장 큰 고객번호                         |    150
 가장 큰 주문번호                         |    620
 고객이 사는 도시의 가짓수                |     10
 별점 1점 리뷰 수                         |     23
 별점 2점 리뷰 수                         |     54
 별점 5점 리뷰 수                         |    160
 별점 5점이면서 구매 인증이 없는 리뷰 수  |     68
 상태가 배송완료인 주문 수                |    399
 생일이 널인 고객 수                      |     41
 여행·요리 분야 12000~20000원 책 수       |     17
 이름이 서도윤인 고객 수                  |      4
 이메일이 siyun.nam@bookmail.kr인 고객 수 |      0
 춘천에 사는 이름이 조도윤인 고객 수      |      2
(17 rows)
[exit 0]