 주장                    | 실측값              
-------------------------+---------------------
 관측 기록의 첫 날짜     | 2025-11-01          
 관측 기록의 마지막 날짜 | 2025-11-30          
 가장 높은 관측소        | 바람재              
 가장 낮은 관측소        | 하곡                
 바람재 하곡 밖의 관측소 | 갈숲 너미 물레 솔등 
 솔등 관측소 종류        | 자동                
[exit 0]