 주장                         | 실측값 
------------------------------+--------
 관측소 정보 파일의 관측소 수 |       6
 관측 기록 줄 수              |     180
 관측 기록에 나오는 날짜 수   |      30
 관측 기록에 나오는 관측소 수 |       6
 바람재 고도 m                |     612
 하곡 고도 m                  |      93
 솔등 고도 m                  |     447
 너미 고도 m                  |     158
 갈숲 고도 m                  |     355
 물레 고도 m                  |     238
 바람재보다 높은 관측소 수    |       0
 하곡보다 낮은 관측소 수      |       0
 솔등 전송 주기 분            |      10
[exit 0]