 주장                                 | 실측값 
--------------------------------------+--------
 관측소 정보 파일의 관측소 수         |       6
 솔등 고도 m                          |     447
 갈숲 고도 m                          |     355
 너미 고도 m                          |     158
 하곡 고도 m                          |      93
 바람재 고도 m                        |     612
 물레 고도 m                          |     238
 바람재보다 높은 관측소 수            |       0
 하곡보다 낮은 관측소 수              |       0
 기록 수가 6이 아닌 날짜 수           |       0
 같은 관측소 같은 날짜가 겹친 기록 수 |       0
 11월 1일까지의 기록 수               |       6
 11월 2일까지의 기록 수               |      12
 11월 3일까지의 기록 수               |      18
[exit 0]