 주장                       | 실측값               
----------------------------+----------------------
 솔등 11월 14일 하늘 상태   | 눈                   
 솔등 11월 17일 하늘 상태   | 맑음                 
 너미 11월 22일 하늘 상태   | 비                   
 하곡 11월 6일 하늘 상태    | 맑음                 
 하곡 11월 4일 하늘 상태    | 비                   
 < 로 적으면 빠지는 눈 기록 | 솔등 2025-11-14      
 강수가 없던 날의 하늘 상태 | 구름많음, 맑음, 흐림 
[exit 0]