 주장                                    | 실측값 
-----------------------------------------+--------
 관측 기록 줄 수                         |     180
 관측소 수                               |       6
 날짜 수                                 |      30
 최저 0 이하이고 강수 0 초과인 기록 수   |      26
 그 가운데 하늘 상태가 눈이 아닌 기록 수 |       0
 최저 0 미만이고 강수 0 초과인 기록 수   |      25
 3.2절 판정과 하늘 상태가 어긋난 기록 수 |       0
[exit 0]