 주장                        | 실측값 
-----------------------------+--------
 갈숲 11월 17일 최저기온 도  |    -0.1
 솔등 11월 17일 최저기온 도  |     0.0
 너미 11월 17일 최저기온 도  |     0.1
 하곡 11월 17일 최저기온 도  |    -0.2
 하곡 11월 17일 최고기온 도  |     7.0
 하곡 11월 17일 강수량 mm    |     0.0
 물레 11월 17일 최저기온 도  |    -1.5
 솔등 11월 17일 강수량 mm    |     0.0
 솔등 11월 14일 최저기온 도  |     0.0
 솔등 11월 14일 강수량 mm    |     4.2
 너미 11월 22일 최저기온 도  |     1.4
 너미 11월 22일 강수량 mm    |     8.6
 하곡 11월 6일 최저기온 도   |     4.1
 하곡 11월 4일 최저기온 도   |     1.0
 하곡 11월 4일 강수량 mm     |    13.1
 바람재 11월 2일 최저기온 도 |     1.6
 바람재 11월 2일 최고기온 도 |    10.9
 바람재 11월 7일 최저기온 도 |    -1.8
 바람재 11월 7일 최고기온 도 |     3.2
 솔등 11월 13일 최저기온 도  |    -1.4
 솔등 11월 13일 강수량 mm    |    17.4
 갈숲 11월 4일 최저기온 도   |     0.9
 갈숲 11월 4일 강수량 mm     |     2.0
[exit 0]