 주장                                        | 실측값 
---------------------------------------------+--------
 관측 기록 줄 수                             |     180
 관측소 수                                   |       6
 날짜 수                                     |      30
 기록 수가 6이 아닌 날짜 수                  |       0
 관측소마다 날짜가 겹친 기록 수              |       0
 하늘 상태 가짓수                            |       5
 하늘 상태 첫 글자 가짓수                    |       5
 하늘이 비나 눈인데 강수가 0인 기록 수       |       0
 강수가 있는데 하늘이 비도 눈도 아닌 기록 수 |       0
 하늘 상태가 눈인 기록 수                    |      26
 바람재 눈 온 날 수                          |       8
 바람재 비나 눈이 온 날 수                   |      10
 바람재 맑은 날 수                           |       7
 솔등 비나 눈이 온 날 수                     |       7
 솔등 맑은 날 수                             |       8
 솔등 전송 주기 분                           |      10
[exit 0]