 주장                                | 실측값                                                         
-------------------------------------+----------------------------------------------------------------
 바람재 30일 하늘 첫 글자 문자열     | "흐맑흐비비구맑눈눈눈맑맑눈눈흐맑구맑맑구구눈눈흐구구구눈구구" 
 바람재 1~7일 하늘 첫 글자 문자열    | "흐맑흐비비구맑"                                               
 솔등 30일 하늘 첫 글자 문자열       | "흐흐구비비구구흐맑흐구구눈눈맑흐맑맑구맑맑눈눈구구흐흐눈맑맑" 
 바람재 11월 4, 5, 6일 하늘 상태     | 비, 비, 구름많음                                               
 하늘 상태 다섯 가지                 | 구름많음, 눈, 맑음, 비, 흐림                                   
 그 첫 글자                          | 구, 눈, 맑, 비, 흐                                             
 날짜별 눈 온 관측소 수 문자열       | "000000011100440000000550000500"                               
 날짜별 최저 0 이하 관측소 수 문자열 | "210003232525443453664556566566"                               
 첫 날짜                             | 2025-11-01                                                     
 마지막 날짜                         | 2025-11-30                                                     
 2025년 11월의 일요일                | 2, 9, 16, 23, 30                                               
[exit 0]