 주장                                   | 실측값 
----------------------------------------+--------
 바람재 1~10일 강수가 있었던 날 수      |       5
 솔등 1~10일 강수가 있었던 날 수        |       2
 바람재 15~21일 강수가 있었던 날 수     |       0
 현장 수첩 11월 1일 여섯 관측소의 줄 수 |       6
 현장 수첩 11월 1일 줄의 관측소 가짓수  |       6
 현장 수첩 11월 4일 여섯 관측소의 줄 수 |       6
 현장 수첩 11월 4일 줄의 관측소 가짓수  |       6
 현장 수첩에서 칸이 셋이 아닌 줄 수     |       0
 기록 파일에서 칸이 여섯이 아닌 줄 수   |       0
 하곡 1~10일 최저기온이 0 이하인 날 수  |       0
[exit 0]