 주장                                   | 실측값 
----------------------------------------+--------
 관측소 목록의 관측소 수                |       6
 관측소 목록에 PT 가 있는 수            |       0
 기록 파일에서 줄이 여섯이 아닌 날짜 수 |       0
 현장 수첩 11월 3·4일 줄 수             |      14
 현장 수첩 11월 4일 줄 수               |       7
 현장 수첩 11월 2·3일 줄 수             |      13
[exit 0]