 주장                        | 실측값                                                                                 
-----------------------------+----------------------------------------------------------------------------------------
 관측소 코드 리스트          | ["BJ", "SD", "NM", "HG", "MR", "GS"]                                                   
 관측소 이름 리스트          | ["바람재", "솔등", "너미", "하곡", "물레", "갈숲"]                                     
 관측소 이름 딕셔너리        | {"BJ": "바람재", "SD": "솔등", "NM": "너미", "HG": "하곡", "MR": "물레", "GS": "갈숲"} 
 관측소 고도 딕셔너리        | {"BJ": 612, "SD": 447, "NM": 158, "HG": 93, "MR": 238, "GS": 355}                      
 관측소별 11월 강수량 합계   | {"BJ": 67.1, "SD": 59.4, "NM": 56.2, "HG": 58.5, "MR": 61.0, "GS": 48.6}               
 바람재 1~10일 하늘 첫 글자  | "흐맑흐비비구맑눈눈눈"                                                                 
 바람재 21~30일 하늘 첫 글자 | "구눈눈흐구구구눈구구"                                                                 
 기록 파일 11월 4일 BJ 줄    | "BJ|2025-11-04|1.3|9.3|13.6|비"                                                        
 기록 파일 11월 4일 GS 줄    | "GS|2025-11-04|0.9|8.7|2.0|비"                                                         
 기록 파일 11월 4일 HG 줄    | "HG|2025-11-04|1.0|8.6|13.1|비"                                                        
 기록 파일 11월 4일 MR 줄    | "MR|2025-11-04|0.2|6.9|9.7|비"                                                         
 기록 파일 11월 4일 NM 줄    | "NM|2025-11-04|3.7|9.8|8.5|비"                                                         
 기록 파일 11월 4일 SD 줄    | "SD|2025-11-04|0.9|6.0|8.5|비"                                                         
 기록 파일 11월 5일 BJ 줄    | "BJ|2025-11-05|1.6|10.4|3.8|비"                                                        
 기록 파일 11월 5일 GS 줄    | "GS|2025-11-05|0.2|8.0|3.1|비"                                                         
 기록 파일 11월 5일 HG 줄    | "HG|2025-11-05|1.3|10.1|4.0|비"                                                        
 기록 파일 11월 5일 MR 줄    | "MR|2025-11-05|0.7|9.3|2.9|비"                                                         
 기록 파일 11월 5일 NM 줄    | "NM|2025-11-05|3.3|12.0|1.0|비"                                                        
 기록 파일 11월 5일 SD 줄    | "SD|2025-11-05|1.7|7.8|4.1|비"                                                         
 기록 파일 11월 13일 BJ 줄   | "BJ|2025-11-13|-3.2|4.7|4.5|눈"                                                        
 기록 파일 11월 13일 GS 줄   | "GS|2025-11-13|-2.7|5.3|13.6|눈"                                                       
 기록 파일 11월 13일 HG 줄   | "HG|2025-11-13|3.5|12.9|5.6|비"                                                        
 기록 파일 11월 13일 MR 줄   | "MR|2025-11-13|0.2|7.0|15.5|비"                                                        
 기록 파일 11월 13일 NM 줄   | "NM|2025-11-13|-0.2|5.4|13.2|눈"                                                       
 기록 파일 11월 13일 SD 줄   | "SD|2025-11-13|-1.4|7.4|17.4|눈"                                                       
 기록 파일 11월 14일 BJ 줄   | "BJ|2025-11-14|-4.0|3.9|15.1|눈"                                                       
 기록 파일 11월 14일 GS 줄   | "GS|2025-11-14|0.8|7.8|5.7|비"                                                         
 기록 파일 11월 14일 HG 줄   | "HG|2025-11-14|2.2|7.8|6.5|비"                                                         
 기록 파일 11월 14일 MR 줄   | "MR|2025-11-14|-2.4|6.7|12.3|눈"                                                       
 기록 파일 11월 14일 NM 줄   | "NM|2025-11-14|-1.2|6.7|2.0|눈"                                                        
 기록 파일 11월 14일 SD 줄   | "SD|2025-11-14|0.0|6.2|4.2|눈"                                                         
 기록 파일 11월 22일 BJ 줄   | "BJ|2025-11-22|-2.1|5.1|4.5|눈"                                                        
 기록 파일 11월 22일 GS 줄   | "GS|2025-11-22|-4.1|1.5|8.0|눈"                                                        
 기록 파일 11월 22일 HG 줄   | "HG|2025-11-22|-2.0|6.2|7.0|눈"                                                        
 기록 파일 11월 22일 MR 줄   | "MR|2025-11-22|-0.9|7.0|7.1|눈"                                                        
 기록 파일 11월 22일 NM 줄   | "NM|2025-11-22|1.4|8.3|8.6|비"                                                         
 기록 파일 11월 22일 SD 줄   | "SD|2025-11-22|-0.4|6.5|3.1|눈"                                                        
 기록 파일 11월 23일 BJ 줄   | "BJ|2025-11-23|-5.4|2.6|16.8|눈"                                                       
 기록 파일 11월 23일 GS 줄   | "GS|2025-11-23|-4.3|4.6|10.2|눈"                                                       
 기록 파일 11월 23일 HG 줄   | "HG|2025-11-23|-0.2|5.4|12.7|눈"                                                       
 기록 파일 11월 23일 MR 줄   | "MR|2025-11-23|-2.3|3.7|13.0|눈"                                                       
 기록 파일 11월 23일 NM 줄   | "NM|2025-11-23|0.9|6.2|15.4|비"                                                        
 기록 파일 11월 23일 SD 줄   | "SD|2025-11-23|-3.9|3.9|18.6|눈"                                                       
 현장 수첩 11월 2일 줄 1     | "bj|2025-11-02| 0.0"                                                                   
 현장 수첩 11월 2일 줄 2     | "sd | 2025-11-02 | 결측"                                                               
 현장 수첩 11월 2일 줄 3     | "NM|2025-11-02|0.0"                                                                    
 현장 수첩 11월 2일 줄 4     | "hg | 2025-11-02 | 0.0"                                                                
 현장 수첩 11월 2일 줄 5     | "MR|2025-11-02| 0.0"                                                                   
 현장 수첩 11월 2일 줄 6     | "gs|2025-11-02|결측"                                                                   
 현장 수첩 11월 3일 줄 1     | " bj|2025-11-03|9.4"                                                                   
 현장 수첩 11월 3일 줄 2     | "sd|2025-11-03 | 8.8"                                                                  
 현장 수첩 11월 3일 줄 3     | "nm | 2025-11-03 | 결측"                                                               
 현장 수첩 11월 3일 줄 4     | "hg|2025-11-03|7.2"                                                                    
 현장 수첩 11월 3일 줄 5     | "mr | 2025-11-03 | 0.0"                                                                
 현장 수첩 11월 3일 줄 6     | "GS|2025-11-03|8.1"                                                                    
 현장 수첩 11월 3일 줄 7     | "pt|2025-11-03|6.6"                                                                    
 현장 수첩 11월 4일 줄 1     | "bj | 2025-11-04 | 3.5"                                                                
 현장 수첩 11월 4일 줄 2     | "sd|2025-11-04|3.9"                                                                    
 현장 수첩 11월 4일 줄 3     | "nm|2025-11-04 | 3.1"                                                                  
 현장 수첩 11월 4일 줄 4     | "hg | 2025-11-04 | 2.8"                                                                
 현장 수첩 11월 4일 줄 5     | "mr|2025-11-04|0.0"                                                                    
 현장 수첩 11월 4일 줄 6     | "gs|2025-11-04| 3.3"                                                                   
 현장 수첩 11월 4일 줄 7     | "PT | 2025-11-04 | 결측"                                                               
[exit 0]