 주장                                            | 실측값 
-------------------------------------------------+--------
 맨 위 마디의 하위 마디 수                       |       2
 산마루 권역의 하위 마디 수                      |       2
 들녘 권역의 하위 마디 수                        |       2
 나무의 단 수                                    |       3
 현장 수첩 11월 3일 줄 수                        |       7
 나무에 달린 PT 수                               |       0
 관측소 목록에 없는 나무의 코드 수               |       0
 report.py 기록 줄 수                            |      10
 report.py 기록 줄 가운데 기록 파일과 다른 줄 수 |       0
[exit 0]