 주장                          | 실측값                                
-------------------------------+---------------------------------------
 나무 맨 위 마디 이름          | "바람재 관측망"                       
 바람재 관측망의 children 이름 | ["산마루 권역", "들녘 권역"]          
 바람재 관측망의 stations      | []                                    
 산마루 권역의 children 이름   | ["윗재", "너미골"]                    
 산마루 권역의 stations        | []                                    
 윗재의 children 이름          | []                                    
 윗재의 stations               | ["BJ", "SD"]                          
 너미골의 children 이름        | []                                    
 너미골의 stations             | ["NM", "GS"]                          
 들녘 권역의 children 이름     | ["하곡", "물레"]                      
 들녘 권역의 stations          | []                                    
 하곡의 children 이름          | []                                    
 하곡의 stations               | ["HG"]                                
 물레의 children 이름          | []                                    
 물레의 stations               | ["MR"]                                
 기록 파일 바람재 11월 1일 줄  | "BJ|2025-11-01|-1.5|7.8|0.0|흐림"     
 기록 파일 바람재 11월 2일 줄  | "BJ|2025-11-02|1.6|10.9|0.0|맑음"     
 기록 파일 바람재 11월 3일 줄  | "BJ|2025-11-03|0.3|8.4|0.0|흐림"      
 기록 파일 바람재 11월 4일 줄  | "BJ|2025-11-04|1.3|9.3|13.6|비"       
 기록 파일 바람재 11월 5일 줄  | "BJ|2025-11-05|1.6|10.4|3.8|비"       
 기록 파일 바람재 11월 6일 줄  | "BJ|2025-11-06|-1.7|7.6|0.0|구름많음" 
 기록 파일 바람재 11월 7일 줄  | "BJ|2025-11-07|-1.8|3.2|0.0|맑음"     
 기록 파일 바람재 11월 8일 줄  | "BJ|2025-11-08|-1.4|7.2|0.1|눈"       
 기록 파일 바람재 11월 9일 줄  | "BJ|2025-11-09|-2.8|5.1|0.2|눈"       
 기록 파일 바람재 11월 10일 줄 | "BJ|2025-11-10|-1.3|7.8|0.3|눈"       
 기록 파일 바람재 11월 11일 줄 | "BJ|2025-11-11|0.2|5.3|0.0|맑음"      
 기록 파일 바람재 11월 12일 줄 | "BJ|2025-11-12|-1.3|7.1|0.0|맑음"     
 기록 파일 바람재 11월 13일 줄 | "BJ|2025-11-13|-3.2|4.7|4.5|눈"       
 기록 파일 바람재 11월 14일 줄 | "BJ|2025-11-14|-4.0|3.9|15.1|눈"      
 기록 파일 솔등 11월 1일 줄    | "SD|2025-11-01|-1.0|4.8|0.0|흐림"     
 기록 파일 솔등 11월 2일 줄    | "SD|2025-11-02|-1.3|4.7|0.0|흐림"     
 기록 파일 솔등 11월 3일 줄    | "SD|2025-11-03|2.3|8.9|0.0|구름많음"  
 기록 파일 솔등 11월 4일 줄    | "SD|2025-11-04|0.9|6.0|8.5|비"        
 기록 파일 솔등 11월 5일 줄    | "SD|2025-11-05|1.7|7.8|4.1|비"        
 기록 파일 솔등 11월 6일 줄    | "SD|2025-11-06|-0.0|8.6|0.0|구름많음" 
 기록 파일 솔등 11월 7일 줄    | "SD|2025-11-07|1.2|10.0|0.0|구름많음" 
 기록 파일 솔등 11월 8일 줄    | "SD|2025-11-08|-1.4|5.9|0.0|흐림"     
 기록 파일 솔등 11월 9일 줄    | "SD|2025-11-09|1.3|7.3|0.0|맑음"      
 기록 파일 솔등 11월 10일 줄   | "SD|2025-11-10|-2.7|5.4|0.0|흐림"     
 기록 파일 너미 11월 1일 줄    | "NM|2025-11-01|2.6|7.6|0.0|구름많음"  
 기록 파일 너미 11월 2일 줄    | "NM|2025-11-02|1.6|10.8|0.0|흐림"     
 기록 파일 너미 11월 3일 줄    | "NM|2025-11-03|2.4|7.4|0.0|흐림"      
 기록 파일 너미 11월 4일 줄    | "NM|2025-11-04|3.7|9.8|8.5|비"        
 기록 파일 너미 11월 5일 줄    | "NM|2025-11-05|3.3|12.0|1.0|비"       
 기록 파일 너미 11월 6일 줄    | "NM|2025-11-06|-0.5|7.1|0.0|구름많음" 
 기록 파일 너미 11월 7일 줄    | "NM|2025-11-07|2.6|9.8|0.0|흐림"      
 기록 파일 너미 11월 8일 줄    | "NM|2025-11-08|2.5|10.7|0.0|흐림"     
 기록 파일 너미 11월 9일 줄    | "NM|2025-11-09|1.0|8.3|0.0|구름많음"  
 기록 파일 너미 11월 10일 줄   | "NM|2025-11-10|-0.5|7.5|0.0|맑음"     
[exit 0]