 주장                                             | 실측값                               
--------------------------------------------------+--------------------------------------
 관측소 자료 파일의 코드 차례                     | ["BJ", "SD", "NM", "HG", "MR", "GS"] 
 BJ 관측소 튜플                                   | ("BJ", "바람재", 612)                
 SD 관측소 튜플                                   | ("SD", "솔등", 447)                  
 NM 관측소 튜플                                   | ("NM", "너미", 158)                  
 HG 관측소 튜플                                   | ("HG", "하곡", 93)                   
 MR 관측소 튜플                                   | ("MR", "물레", 238)                  
 GS 관측소 튜플                                   | ("GS", "갈숲", 355)                  
 기록 파일 바람재 11월 8일 줄                     | "BJ|2025-11-08|-1.4|7.2|0.1|눈"      
 기록 파일 바람재 11월 9일 줄                     | "BJ|2025-11-09|-2.8|5.1|0.2|눈"      
 기록 파일 바람재 11월 10일 줄                    | "BJ|2025-11-10|-1.3|7.8|0.3|눈"      
 기록 파일 강수량 칸의 소수점 아래 자릿수별 칸 수 | {1: 180}                             
[exit 0]