1 file reformatted
F841 Local variable `unused` is assigned to but never used
 --> broken/untidy_report.py:7:5
  |
5 |     added = 0.0
6 |     days = 0
7 |     unused = "여기 있지만 아무도 쓰지 않습니다"
  |     ^^^^^^
8 |     for value in rains:
9 |         added = added + value
  |
help: Remove assignment to unused variable `unused`

E501 Line too long (117 > 88)
  --> broken/untidy_report.py:14:56
   |
12 |     print("관측소", station, "합계", round(added, 1), "평균", round(mean, 2))
13 |     print(
14 |         "이 줄은 여든여덟 칸을 넘기도록 일부러 길게 적어 둔 안내 문장입니다. 포매터가 문자열을 잘라 주지는 않습니다."
   |                                                                                         ^^^^^^^^^^^^^^^^^^^^^^^^^^^^^
15 |     )
   |

Found 2 errors.
No fixes available (1 hidden fix can be enabled with the `--unsafe-fixes` option).
[exit 1]