All checks passed!
E501 Line too long (83 > 79)
  --> work/rain_by_date.py:14:80
   |
12 | ]
13 | rows = [line.split("|") for line in records]
14 | rain_by_date = {cells[1]: float(cells[4]) for cells in rows if float(cells[4]) > 0}
   |                                                                                ^^^^
15 | print(rain_by_date)
16 | print(rain_by_date["2025-11-04"], len(rain_by_date))
   |

Found 1 error.
--- work/rain_by_date.py
+++ work/rain_by_date.py
@@ -11,6 +11,8 @@
     "BJ|2025-11-10|-1.3|7.8|0.3|눈",
 ]
 rows = [line.split("|") for line in records]
-rain_by_date = {cells[1]: float(cells[4]) for cells in rows if float(cells[4]) > 0}
+rain_by_date = {
+    cells[1]: float(cells[4]) for cells in rows if float(cells[4]) > 0
+}
 print(rain_by_date)
 print(rain_by_date["2025-11-04"], len(rain_by_date))

1 file would be reformatted
[exit 1]