 주장                                       | 실측값 
--------------------------------------------+--------
 현장 수첩의 줄 수                          |      26
 현장 수첩에서 강수량 칸이 결측인 줄 수     |       4
 결측이 아닌데 수로 바꿀 수 없는 칸 수      |       0
 현장 수첩에서 코드가 PT 인 줄 수           |       2
 현장 수첩 줄 가운데 칸이 셋이 아닌 줄 수   |       0
 기록 파일 줄 가운데 칸이 여섯이 아닌 줄 수 |       0
 현장 수첩 11월 1일 줄 수                   |       6
 현장 수첩 11월 2일 줄 수                   |       6
 현장 수첩 11월 3일 줄 수                   |       7
 현장 수첩 11월 4일 줄 수                   |       7
 현장 수첩에서 물레(MR) 줄 수               |       4
 물레 줄 가운데 강수량이 0보다 큰 줄 수     |       0
 관측소 목록의 관측소 수                    |       6
 관측소 목록에 PT 가 있는 수                |       0
[exit 0]