 주장                         | 실측값                                                                     
------------------------------+----------------------------------------------------------------------------
 기록 파일 하곡 11월 3일 줄   | "HG|2025-11-03|4.8|9.8|0.0|구름많음"                                       
 기록 파일 하곡 11월 4일 줄   | "HG|2025-11-04|1.0|8.6|13.1|비"                                            
 기록 파일 하곡 11월 5일 줄   | "HG|2025-11-05|1.3|10.1|4.0|비"                                            
 바람재 11월 1~10일 하늘 상태 | ["흐림", "맑음", "흐림", "비", "비", "구름많음", "맑음", "눈", "눈", "눈"] 
[exit 0]