F401 [*] `json` imported but unused
 --> work/review1.py:1:8
  |
1 | import json
  |        ^^^^
2 | import pathlib
  |
help: Remove unused import: `json`
  |
  - import json
1 | import pathlib
  |

Found 1 error.
[*] 1 fixable with the `--fix` option.
10mm 이상 내린 기록: 14건
['BJ 2025-11-04', 'HG 2025-11-04', 'GS 2025-11-13']
[exit 0]