 주장                                       | 실측값 
--------------------------------------------+--------
 자료 파일 수 (data/)                       | 4      
 UTF-8로 읽히지 않는 자료 파일 수           | 0      
 줄바꿈으로 끝나지 않는 자료 파일 수        | 0      
 기록 파일의 바람재 11월 4일 줄 수          | 1      
 현장 수첩에 적힌 날짜 가짓수               | 4      
 readings.json 기록이 30건이 아닌 관측소 수 | 0      
 유인 관측소 가운데 observer 가 없는 수     | 0      
 자동 관측소 가운데 interval_min 이 없는 수 | 0      
[exit 0]