 book_id |            title             | review_count | ordered_qty 
---------+------------------------------+--------------+-------------
      25 | 오늘의 날씨 이야기           |            0 |           8
      43 | 작은 별자리                  |            2 |          17
      72 | 밤에 읽는 날씨 이야기        |            1 |           5
      82 | 오늘의 우주 기록             |            2 |           8
      84 | 작은 세포 기록               |            2 |           6
      92 | 다시 쓰는 바이러스 사전      |            1 |           0
     113 | 처음 만나는 바이러스 노트    |            1 |           7
     115 | 한 권으로 읽는 숫자          |            1 |           0
     119 | 처음 만나는 별자리 수업      |            0 |           4
     134 | 다시 쓰는 진화 이야기        |            5 |          13
     156 | 다시 쓰는 우주 연습          |            4 |           8
     162 | 작은 진화 기록               |            1 |           7
     185 | 조용한 날씨 사전             |            3 |          10
     202 | 우리가 몰랐던 숫자 이야기    |            1 |           5
     205 | 빛나는 별자리 노트           |            1 |           8
     214 | 한 권으로 읽는 우주 기록     |            2 |           8
     224 | 한 권으로 읽는 진화 수업     |            3 |          10
     236 | 오늘의 뇌 연습               |            1 |           6
     246 | 밤에 읽는 바이러스 수업      |            0 |           5
     258 | 우리가 몰랐던 뇌 기록        |            2 |           0
     267 | 다시 쓰는 날씨 기록          |            1 |           5
     268 | 처음 만나는 숫자 노트        |            0 |           3
     278 | 오늘의 우주 안내서           |            0 |           4
     282 | 밤에 읽는 우주 노트          |            1 |           6
     290 | 처음 만나는 세포 이야기      |            3 |           5
     301 | 밤에 읽는 바이러스 사전      |            2 |           5
     308 | 한 권으로 읽는 바이러스 연습 |            0 |           5
     309 | 어느 날의 숫자               |            1 |           7
     318 | 작은 우주 사전               |            1 |           9
(29 rows)

[exit 0]